
 RUN  v3.2.7 /home/user/sera/apps/rider-app

 ❯ test/evidence-finality.test.ts (1 test | 1 failed) 10ms
   × SERA-S2 RED-PROOF — SE-I06 finality waits for the server ack, not for online > online evidence stays PENDING until the server ack (must NOT reach door_inspection/drop on online alone) 9ms
     → expected 'door_inspection' to be 'evidence_pending' // Object.is equality

⎯⎯⎯⎯⎯⎯⎯ Failed Tests 1 ⎯⎯⎯⎯⎯⎯⎯

 FAIL  test/evidence-finality.test.ts > SERA-S2 RED-PROOF — SE-I06 finality waits for the server ack, not for online > online evidence stays PENDING until the server ack (must NOT reach door_inspection/drop on online alone)
AssertionError: expected 'door_inspection' to be 'evidence_pending' // Object.is equality

Expected: [32m"evidence_pending"[39m
Received: [31m"door_inspection"[39m

 ❯ test/evidence-finality.test.ts:36:18
     34|     // SE-I06: still pending — the server has NOT acked. (Current code…
     35|     // 'door_inspection' on online — this is the RED the slice turns g…
     36|     expect(step).toBe('evidence_pending');
       |                  ^
     37|   });
     38| });

⎯⎯⎯⎯⎯⎯⎯⎯⎯⎯⎯⎯⎯⎯⎯⎯⎯⎯⎯⎯⎯⎯⎯⎯[1/1]⎯


 Test Files  1 failed (1)
      Tests  1 failed (1)
   Start at  02:43:51
   Duration  389ms (transform 79ms, setup 0ms, collect 87ms, tests 10ms, environment 0ms, prepare 64ms)

undefined
/home/user/sera/apps/rider-app:
 ERR_PNPM_RECURSIVE_EXEC_FIRST_FAIL  Command failed with exit code 1: vitest run test/evidence-finality.test.ts
